[1msteps.health.action.request.expect.body[0m:
  [1m1[0m: Number params: Bad param types, number expected, given: [31mfoo[0m
  [1m3[0m: unknown matcher "Â§match.regex"
    1: {
    [31m2:   "age": "Â§match.number 1 foo",[0m
    3:   "height": "Â§match.number",
    [31m4:   "zip": "Â§match.regex"[0m
    5: }
â€¦
