input file is valid
Run initialization
updateContext: settings,baseUrl
[44mRunning[0m [1mhealth-ko[0m: health not ok
‚ùå request [36mGET[0m /health
error sending request for url (http://localhost:3000/health): error trying to connect: tcp connect error: Connection refused (os error 111)
[1mTest suite [31mfailed.[0m
